<?xml version="1.0" encoding="UTF-8" standalone="no"?>
<buildables from="mapping" to="placing" version="1.0">
<buildable id="1" name="" type="container">
<position x="0" y="0" z="0"/>
<size x="9" y="9" z="9"/>
<attributes/>
<children>
<buildable id="2" name="&lt;root_package&gt;" type="ground">
<position x="0" y="0" z="0"/>
<size x="9" y="9" z="9"/>
<attributes/>
<children>
<buildable id="3" name="unnamed package" type="ground">
<position x="0" y="0" z="0"/>
<size x="9" y="9" z="9"/>
<attributes/>
<children>
<buildable id="4" name="HelloWorld" type="garden">
<position x="0" y="0" z="0"/>
<size x="9" y="9" z="9"/>
<attributes>
<attribute name="flower-ratio" value="1.0"/>
</attributes>
<children>
<buildable id="5" name="void main(String[] args)" type="floor">
<position x="0" y="0" z="0"/>
<size x="9" y="13" z="9"/>
<attributes>
<attribute name="character" value="glass"/>
<attribute name="external_character" value="metal"/>
<attribute name="torches" value="1"/>
</attributes>
<children/>
</buildable>
</children>
</buildable>
</children>
</buildable>
</children>
</buildable>
</children>
</buildable>
</buildables>
